<?xml version="1.0" encoding="UTF-8" ?>
<testsuites name="vitest tests" tests="4" failures="0" errors="0" time="6.102">
    <testsuite name="src/__tests__/indexTest.test.jsx" timestamp="2026-05-14T20:23:41.361Z" hostname="KARANIII" tests="4" failures="0" errors="0" skipped="0" time="0.560057655">
        <testcase classname="src/__tests__/indexTest.test.jsx" name="renders product dashboard title" time="0.401822044">
        </testcase>
        <testcase classname="src/__tests__/indexTest.test.jsx" name="displays all products initially" time="0.049548476">
        </testcase>
        <testcase classname="src/__tests__/indexTest.test.jsx" name="applies conditional styling for out-of-stock products" time="0.041536382">
        </testcase>
        <testcase classname="src/__tests__/indexTest.test.jsx" name="removes product from the dashboard when &quot;Remove&quot; button is clicked" time="0.064644269">
        </testcase>
    </testsuite>
</testsuites>